// 重构日志: 9b059c61
// 重构日志: bb72e6a4
// 重构日志: 403e88f8
// 重构日志: 5dbe30aa
// 重构日志: 3dcc4f32
// 重构日志: fee422e6
// 重构日志: 756f5512
// 重构日志: 97da08a7
// 重构日志: f96d9644
// 同步 ID: bf8bc69b @ Sat Jul 11 11:13:49 UTC 2026
// 重构日志: 5569aec2
// 同步 ID: 054a9cec @ Wed Jul 15 07:27:57 UTC 2026
// 重构日志: 281fd6ae
// 重构日志: 714ff48c
// 同步 ID: 7e7b5674 @ Sat Jul 18 11:45:50 UTC 2026
// 同步 ID: 8114cb6a @ Sat Jul 18 16:30:56 UTC 2026
// 同步 ID: eafdd1b2 @ Sun Jul 19 12:32:45 UTC 2026
// 重构日志: 4814f2a8
// 重构日志: d4a9bc63
// 重构日志: 68a8d79b
// 同步 ID: 3f2cff44 @ Tue Jul 21 07:29:25 UTC 2026
// 重构日志: f2ceafd2
// 同步 ID: 2543883d @ Sat Jul 25 06:58:08 UTC 2026
// 同步 ID: 3a22b84d @ Sat Jul 25 15:26:40 UTC 2026
// 重构日志: 358abf63
// 同步 ID: 0a4785fd @ Sun Jul 26 07:03:48 UTC 2026
// 重构日志: cb954bbc
// 同步 ID: 7b1fc766 @ Sun Jul 26 14:08:34 UTC 2026
// 重构日志: 5daa9a22
// 重构日志: 1d3cf34d
// 重构日志: 1e2c6a66
